▲ Next.js 16.2.10 (Turbopack)
- Local:         http://127.0.0.1:3001
- Network:       http://127.0.0.1:3001
- Environments: .env.local
✓ Ready in 6.0s

 GET / 200 in 7.0s (next.js: 3.6s, application-code: 3.4s)
 GET / 200 in 601ms (next.js: 29ms, application-code: 572ms)
 GET /api/search?q=%E0%B8%AA%E0%B8%B4%E0%B8%97%E0%B8%98%E0%B8%B4%E0%B8%8A%E0%B8%B8%E0%B8%A1%E0%B8%8A%E0%B8%99 200 in 694ms (next.js: 410ms, application-code: 284ms)
 GET /api/search?q=%E0%B9%80%E0%B8%AA%E0%B8%A3%E0%B8%B5%E0%B8%A0%E0%B8%B2%E0%B8%9E%E0%B8%81%E0%B8%B2%E0%B8%A3%E0%B8%8A%E0%B8%B8%E0%B8%A1%E0%B8%99%E0%B8%B8%E0%B8%A1 200 in 208ms (next.js: 25ms, application-code: 183ms)
✓ Compiled in 646ms
 GET / 200 in 1874ms (next.js: 628ms, application-code: 1245ms)
 GET / 200 in 1050ms (next.js: 38ms, application-code: 1012ms)
 GET / 200 in 837ms (next.js: 86ms, application-code: 751ms)
 GET / 200 in 818ms (next.js: 358ms, application-code: 460ms)
 GET / 200 in 961ms (next.js: 237ms, application-code: 724ms)
 GET / 200 in 944ms (next.js: 485ms, application-code: 459ms)
 GET / 200 in 584ms (next.js: 19ms, application-code: 564ms)
 GET / 200 in 427ms (next.js: 25ms, application-code: 402ms)
 GET / 200 in 285ms (next.js: 20ms, application-code: 266ms)
 GET / 200 in 286ms (next.js: 137ms, application-code: 150ms)
 GET /api/search?q=%E0%B8%AA%E0%B8%B4%E0%B8%97%E0%B8%98%E0%B8%B4%E0%B8%8A%E0%B8%B8%E0%B8%A1%E0%B8%8A%E0%B8%99 200 in 1120ms (next.js: 198ms, application-code: 922ms)
 GET /api/search?q=%E0%B8%AA%E0%B8%B4%E0%B8%97%E0%B8%98%E0%B8%B4%E0%B8%8A%E0%B8%B8%E0%B8%A1%E0%B8%8A%E0%B8%99 200 in 711ms (next.js: 29ms, application-code: 682ms)
 GET /api/search?q=%E0%B9%82%E0%B8%A3%E0%B8%87%E0%B9%84%E0%B8%9F%E0%B8%9F%E0%B9%89%E0%B8%B2%E0%B8%AB%E0%B8%87%E0%B8%AA%E0%B8%B2 200 in 272ms (next.js: 11ms, application-code: 261ms)
 GET /api/search?q=%E0%B8%AA%E0%B8%95%E0%B8%A3%E0%B8%B5 200 in 272ms (next.js: 9ms, application-code: 262ms)
 GET /api/search?q=%E0%B9%82%E0%B8%A3%E0%B8%87%E0%B9%84%E0%B8%9F%E0%B8%9F%E0%B9%89%E0%B8%B2%E0%B8%AB%E0%B8%87%E0%B8%AA%E0%B8%B2 200 in 282ms (next.js: 10ms, application-code: 273ms)
 POST /api/ask 500 in 16.0s (next.js: 536ms, application-code: 15.5s)
 POST /api/ask 500 in 11.1s (next.js: 13ms, application-code: 11.1s)
 POST /api/ask 200 in 1240ms (next.js: 27ms, application-code: 1214ms)
✓ Compiled in 1187ms
 GET / 200 in 3.2s (next.js: 1226ms, application-code: 1954ms)
 GET / 200 in 1529ms (next.js: 24ms, application-code: 1504ms)
 GET / 200 in 1480ms (next.js: 106ms, application-code: 1375ms)
 GET / 200 in 1480ms (next.js: 312ms, application-code: 1168ms)
 GET / 200 in 1659ms (next.js: 567ms, application-code: 1091ms)
 GET / 200 in 1657ms (next.js: 984ms, application-code: 673ms)
 GET / 200 in 988ms (next.js: 34ms, application-code: 954ms)
 GET / 200 in 987ms (next.js: 239ms, application-code: 747ms)
 GET / 200 in 551ms (next.js: 308ms, application-code: 243ms)
 GET / 200 in 561ms (next.js: 22ms, application-code: 538ms)
 POST /api/ask 200 in 1567ms (next.js: 634ms, application-code: 933ms)
 POST /api/ask 200 in 11.6s (next.js: 13ms, application-code: 11.6s)
 POST /api/ask 200 in 13.0s (next.js: 289ms, application-code: 12.7s)
 GET /api/search?q=%E0%B9%80%E0%B8%AA%E0%B8%A3%E0%B8%B5%E0%B8%A0%E0%B8%B2%E0%B8%9E%E0%B8%81%E0%B8%B2%E0%B8%A3%E0%B8%8A%E0%B8%B8%E0%B8%A1%E0%B8%99%E0%B8%B8%E0%B8%A1 200 in 2.5s (next.js: 1538ms, application-code: 993ms)
○ Compiling /admin/import ...
 GET /admin/import 200 in 7.3s (next.js: 5.6s, application-code: 1629ms)
○ Compiling /api/admin/import ...
 POST /api/admin/import 500 in 21.9s (next.js: 20.1s, application-code: 1761ms)
 GET / 200 in 1185ms (next.js: 563ms, application-code: 623ms)
 GET / 200 in 278ms (next.js: 46ms, application-code: 232ms)
 POST /api/admin/import 200 in 2.1s (next.js: 530ms, application-code: 1564ms)
 GET /admin/import 200 in 2.5s (next.js: 576ms, application-code: 1876ms)
 GET /api/admin/session 200 in 3.2s (next.js: 3.0s, application-code: 187ms)
 POST /api/admin/session 200 in 61ms (next.js: 15ms, application-code: 46ms)
 GET /api/admin/session 200 in 41ms (next.js: 13ms, application-code: 28ms)
 POST /api/admin/import 200 in 2.3s (next.js: 145ms, application-code: 2.2s)
 GET /admin/import 200 in 1921ms (next.js: 205ms, application-code: 1717ms)
 GET /api/admin/session 200 in 187ms (next.js: 69ms, application-code: 118ms)
 GET /admin/import 200 in 76ms (next.js: 35ms, application-code: 41ms)
 GET /admin/import 200 in 126ms (next.js: 21ms, application-code: 105ms)
 POST /api/admin/session 401 in 44ms (next.js: 16ms, application-code: 29ms)
 GET /api/admin/session 200 in 40ms (next.js: 12ms, application-code: 27ms)
 POST /api/admin/session 200 in 48ms (next.js: 15ms, application-code: 34ms)
 GET /api/admin/session 200 in 45ms (next.js: 14ms, application-code: 30ms)
 POST /api/admin/import 200 in 1247ms (next.js: 27ms, application-code: 1220ms)
 GET /admin/import 200 in 35ms (next.js: 13ms, application-code: 22ms)
 GET /admin/import 200 in 69ms (next.js: 14ms, application-code: 55ms)
 GET / 200 in 706ms (next.js: 34ms, application-code: 673ms)
 GET /documents/doc-af9387b1-31a5-48bb-aecf-39d32b8bfb05 200 in 4.4s (next.js: 3.9s, application-code: 486ms)
